============================= test session starts =============================
platform win32 -- Python 3.13.2, pytest-9.0.2, pluggy-1.6.0 -- C:\Users\admin\AppData\Local\Programs\Python\Python313\python.exe
cachedir: .pytest_cache
rootdir: C:\Users\admin\Documents\GitHub\rag-csv-expert
plugins: anyio-4.12.1, langsmith-0.6.4
collecting ... collected 0 items / 1 error

=================================== ERRORS ====================================
__________________ ERROR collecting tests/test_multi_file.py __________________
tests\test_multi_file.py:4: in <module>
    from app.services.orchestration import orchestrator
app\services\orchestration.py:18: in <module>
    class OrchestrationService:
app\services\orchestration.py:159: in OrchestrationService
    def run_multi_file_pipeline(self, query: str, file_path: Optional[str] = None) -> Dict[str, Any]:
                                                             ^^^^^^^^
E   NameError: name 'Optional' is not defined
============================== warnings summary ===============================
app\core\config.py:3
  C:\Users\admin\Documents\GitHub\rag-csv-expert\app\core\config.py:3: PydanticDeprecatedSince20: Support for class-based `config` is deprecated, use ConfigDict instead. Deprecated in Pydantic V2.0 to be removed in V3.0. See Pydantic V2 Migration Guide at https://errors.pydantic.dev/2.12/migration/
    class Settings(BaseSettings):

-- Docs: https://docs.pytest.org/en/stable/how-to/capture-warnings.html
=========================== short test summary info ===========================
ERROR tests/test_multi_file.py - NameError: name 'Optional' is not defined
!!!!!!!!!!!!!!!!!!! Interrupted: 1 error during collection !!!!!!!!!!!!!!!!!!!!
======================== 1 warning, 1 error in 14.23s =========================
